2026-02-25 15:27:13,793 - __main__ - INFO - 解析 equipment.lst: equipment/equipment.lst
2026-02-25 15:27:13,890 - __main__ - INFO - lst 总行数: 72717
2026-02-25 15:27:13,937 - __main__ - INFO - 解析完成: 有效记录 43168 条
2026-02-25 15:27:13,940 - __main__ - INFO - 开始批量解析 43168 个 .equ 文件（2878 批次）
2026-02-25 15:27:13,996 - __main__ - INFO - 进度: 10/2878 批次 (0.3%)
2026-02-25 15:27:14,010 - __main__ - INFO - 进度: 20/2878 批次 (0.7%)
2026-02-25 15:27:14,020 - __main__ - INFO - 进度: 30/2878 批次 (1.0%)
2026-02-25 15:27:14,037 - __main__ - INFO - 进度: 40/2878 批次 (1.4%)
2026-02-25 15:27:14,048 - __main__ - INFO - 进度: 50/2878 批次 (1.7%)
2026-02-25 15:27:14,058 - __main__ - INFO - 进度: 60/2878 批次 (2.1%)
2026-02-25 15:27:14,067 - __main__ - INFO - 进度: 70/2878 批次 (2.4%)
2026-02-25 15:27:14,083 - __main__ - INFO - 进度: 80/2878 批次 (2.8%)
2026-02-25 15:27:14,095 - __main__ - INFO - 进度: 90/2878 批次 (3.1%)
2026-02-25 15:27:14,109 - __main__ - INFO - 进度: 100/2878 批次 (3.5%)
2026-02-25 15:27:14,121 - __main__ - INFO - 进度: 110/2878 批次 (3.8%)
2026-02-25 15:27:14,136 - __main__ - INFO - 进度: 120/2878 批次 (4.2%)
2026-02-25 15:27:14,147 - __main__ - INFO - 进度: 130/2878 批次 (4.5%)
2026-02-25 15:27:14,162 - __main__ - INFO - 进度: 140/2878 批次 (4.9%)
2026-02-25 15:27:14,172 - __main__ - INFO - 进度: 150/2878 批次 (5.2%)
2026-02-25 15:27:14,182 - __main__ - INFO - 进度: 160/2878 批次 (5.6%)
2026-02-25 15:27:14,196 - __main__ - INFO - 进度: 170/2878 批次 (5.9%)
2026-02-25 15:27:14,207 - __main__ - INFO - 进度: 180/2878 批次 (6.3%)
2026-02-25 15:27:14,219 - __main__ - INFO - 进度: 190/2878 批次 (6.6%)
2026-02-25 15:27:14,238 - __main__ - INFO - 进度: 200/2878 批次 (6.9%)
2026-02-25 15:27:14,250 - __main__ - INFO - 进度: 210/2878 批次 (7.3%)
2026-02-25 15:27:14,264 - __main__ - INFO - 进度: 220/2878 批次 (7.6%)
2026-02-25 15:27:14,275 - __main__ - INFO - 进度: 230/2878 批次 (8.0%)
2026-02-25 15:27:14,289 - __main__ - INFO - 进度: 240/2878 批次 (8.3%)
2026-02-25 15:27:14,298 - __main__ - INFO - 进度: 250/2878 批次 (8.7%)
2026-02-25 15:27:14,307 - __main__ - INFO - 进度: 260/2878 批次 (9.0%)
2026-02-25 15:27:14,317 - __main__ - INFO - 进度: 270/2878 批次 (9.4%)
2026-02-25 15:27:14,331 - __main__ - INFO - 进度: 280/2878 批次 (9.7%)
2026-02-25 15:27:14,341 - __main__ - INFO - 进度: 290/2878 批次 (10.1%)
2026-02-25 15:27:14,353 - __main__ - INFO - 进度: 300/2878 批次 (10.4%)
2026-02-25 15:27:14,365 - __main__ - INFO - 进度: 310/2878 批次 (10.8%)
2026-02-25 15:27:14,376 - __main__ - INFO - 进度: 320/2878 批次 (11.1%)
2026-02-25 15:27:14,388 - __main__ - INFO - 进度: 330/2878 批次 (11.5%)
2026-02-25 15:27:14,398 - __main__ - INFO - 进度: 340/2878 批次 (11.8%)
2026-02-25 15:27:14,413 - __main__ - INFO - 进度: 350/2878 批次 (12.2%)
2026-02-25 15:27:14,425 - __main__ - INFO - 进度: 360/2878 批次 (12.5%)
2026-02-25 15:27:14,441 - __main__ - INFO - 进度: 370/2878 批次 (12.9%)
2026-02-25 15:27:14,450 - __main__ - INFO - 进度: 380/2878 批次 (13.2%)
2026-02-25 15:27:14,462 - __main__ - INFO - 进度: 390/2878 批次 (13.6%)
2026-02-25 15:27:14,475 - __main__ - INFO - 进度: 400/2878 批次 (13.9%)
2026-02-25 15:27:14,487 - __main__ - INFO - 进度: 410/2878 批次 (14.2%)
2026-02-25 15:27:14,499 - __main__ - INFO - 进度: 420/2878 批次 (14.6%)
2026-02-25 15:27:14,509 - __main__ - INFO - 进度: 430/2878 批次 (14.9%)
2026-02-25 15:27:14,523 - __main__ - INFO - 进度: 440/2878 批次 (15.3%)
2026-02-25 15:27:14,533 - __main__ - INFO - 进度: 450/2878 批次 (15.6%)
2026-02-25 15:27:14,543 - __main__ - INFO - 进度: 460/2878 批次 (16.0%)
2026-02-25 15:27:14,558 - __main__ - INFO - 进度: 470/2878 批次 (16.3%)
2026-02-25 15:27:14,570 - __main__ - INFO - 进度: 480/2878 批次 (16.7%)
2026-02-25 15:27:14,581 - __main__ - INFO - 进度: 490/2878 批次 (17.0%)
2026-02-25 15:27:14,595 - __main__ - INFO - 进度: 500/2878 批次 (17.4%)
2026-02-25 15:27:14,608 - __main__ - INFO - 进度: 510/2878 批次 (17.7%)
2026-02-25 15:27:14,620 - __main__ - INFO - 进度: 520/2878 批次 (18.1%)
2026-02-25 15:27:14,638 - __main__ - INFO - 进度: 530/2878 批次 (18.4%)
2026-02-25 15:27:14,651 - __main__ - INFO - 进度: 540/2878 批次 (18.8%)
2026-02-25 15:27:14,666 - __main__ - INFO - 进度: 550/2878 批次 (19.1%)
2026-02-25 15:27:14,679 - __main__ - INFO - 进度: 560/2878 批次 (19.5%)
2026-02-25 15:27:14,692 - __main__ - INFO - 进度: 570/2878 批次 (19.8%)
2026-02-25 15:27:14,705 - __main__ - INFO - 进度: 580/2878 批次 (20.2%)
2026-02-25 15:27:14,718 - __main__ - INFO - 进度: 590/2878 批次 (20.5%)
2026-02-25 15:27:14,734 - __main__ - INFO - 进度: 600/2878 批次 (20.8%)
2026-02-25 15:27:14,745 - __main__ - INFO - 进度: 610/2878 批次 (21.2%)
2026-02-25 15:27:14,758 - __main__ - INFO - 进度: 620/2878 批次 (21.5%)
2026-02-25 15:27:14,775 - __main__ - INFO - 进度: 630/2878 批次 (21.9%)
2026-02-25 15:27:14,783 - __main__ - INFO - 进度: 640/2878 批次 (22.2%)
2026-02-25 15:27:14,797 - __main__ - INFO - 进度: 650/2878 批次 (22.6%)
2026-02-25 15:27:14,808 - __main__ - INFO - 进度: 660/2878 批次 (22.9%)
2026-02-25 15:27:14,824 - __main__ - INFO - 进度: 670/2878 批次 (23.3%)
2026-02-25 15:27:14,837 - __main__ - INFO - 进度: 680/2878 批次 (23.6%)
2026-02-25 15:27:14,853 - __main__ - INFO - 进度: 690/2878 批次 (24.0%)
2026-02-25 15:27:14,866 - __main__ - INFO - 进度: 700/2878 批次 (24.3%)
2026-02-25 15:27:14,879 - __main__ - INFO - 进度: 710/2878 批次 (24.7%)
2026-02-25 15:27:14,895 - __main__ - INFO - 进度: 720/2878 批次 (25.0%)
2026-02-25 15:27:14,907 - __main__ - INFO - 进度: 730/2878 批次 (25.4%)
2026-02-25 15:27:14,920 - __main__ - INFO - 进度: 740/2878 批次 (25.7%)
2026-02-25 15:27:14,938 - __main__ - INFO - 进度: 750/2878 批次 (26.1%)
2026-02-25 15:27:14,949 - __main__ - INFO - 进度: 760/2878 批次 (26.4%)
2026-02-25 15:27:14,961 - __main__ - INFO - 进度: 770/2878 批次 (26.8%)
2026-02-25 15:27:14,976 - __main__ - INFO - 进度: 780/2878 批次 (27.1%)
2026-02-25 15:27:14,985 - __main__ - INFO - 进度: 790/2878 批次 (27.4%)
2026-02-25 15:27:14,995 - __main__ - INFO - 进度: 800/2878 批次 (27.8%)
2026-02-25 15:27:15,007 - __main__ - INFO - 进度: 810/2878 批次 (28.1%)
2026-02-25 15:27:15,022 - __main__ - INFO - 进度: 820/2878 批次 (28.5%)
2026-02-25 15:27:15,036 - __main__ - INFO - 进度: 830/2878 批次 (28.8%)
2026-02-25 15:27:15,048 - __main__ - INFO - 进度: 840/2878 批次 (29.2%)
2026-02-25 15:27:15,063 - __main__ - INFO - 进度: 850/2878 批次 (29.5%)
2026-02-25 15:27:15,078 - __main__ - INFO - 进度: 860/2878 批次 (29.9%)
2026-02-25 15:27:15,088 - __main__ - INFO - 进度: 870/2878 批次 (30.2%)
2026-02-25 15:27:15,097 - __main__ - INFO - 进度: 880/2878 批次 (30.6%)
2026-02-25 15:27:15,108 - __main__ - INFO - 进度: 890/2878 批次 (30.9%)
2026-02-25 15:27:15,122 - __main__ - INFO - 进度: 900/2878 批次 (31.3%)
2026-02-25 15:27:15,135 - __main__ - INFO - 进度: 910/2878 批次 (31.6%)
2026-02-25 15:27:15,146 - __main__ - INFO - 进度: 920/2878 批次 (32.0%)
2026-02-25 15:27:15,160 - __main__ - INFO - 进度: 930/2878 批次 (32.3%)
2026-02-25 15:27:15,169 - __main__ - INFO - 进度: 940/2878 批次 (32.7%)
2026-02-25 15:27:15,178 - __main__ - INFO - 进度: 950/2878 批次 (33.0%)
2026-02-25 15:27:15,190 - __main__ - INFO - 进度: 960/2878 批次 (33.4%)
2026-02-25 15:27:15,202 - __main__ - INFO - 进度: 970/2878 批次 (33.7%)
2026-02-25 15:27:15,212 - __main__ - INFO - 进度: 980/2878 批次 (34.1%)
2026-02-25 15:27:15,224 - __main__ - INFO - 进度: 990/2878 批次 (34.4%)
2026-02-25 15:27:15,237 - __main__ - INFO - 进度: 1000/2878 批次 (34.7%)
2026-02-25 15:27:15,249 - __main__ - INFO - 进度: 1010/2878 批次 (35.1%)
2026-02-25 15:27:15,260 - __main__ - INFO - 进度: 1020/2878 批次 (35.4%)
2026-02-25 15:27:15,276 - __main__ - INFO - 进度: 1030/2878 批次 (35.8%)
2026-02-25 15:27:15,288 - __main__ - INFO - 进度: 1040/2878 批次 (36.1%)
2026-02-25 15:27:15,299 - __main__ - INFO - 进度: 1050/2878 批次 (36.5%)
2026-02-25 15:27:15,313 - __main__ - INFO - 进度: 1060/2878 批次 (36.8%)
2026-02-25 15:27:15,324 - __main__ - INFO - 进度: 1070/2878 批次 (37.2%)
2026-02-25 15:27:15,336 - __main__ - INFO - 进度: 1080/2878 批次 (37.5%)
2026-02-25 15:27:15,350 - __main__ - INFO - 进度: 1090/2878 批次 (37.9%)
2026-02-25 15:27:15,361 - __main__ - INFO - 进度: 1100/2878 批次 (38.2%)
2026-02-25 15:27:15,373 - __main__ - INFO - 进度: 1110/2878 批次 (38.6%)
2026-02-25 15:27:15,383 - __main__ - INFO - 进度: 1120/2878 批次 (38.9%)
2026-02-25 15:27:15,396 - __main__ - INFO - 进度: 1130/2878 批次 (39.3%)
2026-02-25 15:27:15,408 - __main__ - INFO - 进度: 1140/2878 批次 (39.6%)
2026-02-25 15:27:15,421 - __main__ - INFO - 进度: 1150/2878 批次 (40.0%)
2026-02-25 15:27:15,436 - __main__ - INFO - 进度: 1160/2878 批次 (40.3%)
2026-02-25 15:27:15,445 - __main__ - INFO - 进度: 1170/2878 批次 (40.7%)
2026-02-25 15:27:15,458 - __main__ - INFO - 进度: 1180/2878 批次 (41.0%)
2026-02-25 15:27:15,474 - __main__ - INFO - 进度: 1190/2878 批次 (41.3%)
2026-02-25 15:27:15,484 - __main__ - INFO - 进度: 1200/2878 批次 (41.7%)
2026-02-25 15:27:15,496 - __main__ - INFO - 进度: 1210/2878 批次 (42.0%)
2026-02-25 15:27:15,512 - __main__ - INFO - 进度: 1220/2878 批次 (42.4%)
2026-02-25 15:27:15,524 - __main__ - INFO - 进度: 1230/2878 批次 (42.7%)
2026-02-25 15:27:15,535 - __main__ - INFO - 进度: 1240/2878 批次 (43.1%)
2026-02-25 15:27:15,548 - __main__ - INFO - 进度: 1250/2878 批次 (43.4%)
2026-02-25 15:27:15,556 - __main__ - INFO - 进度: 1260/2878 批次 (43.8%)
2026-02-25 15:27:15,572 - __main__ - INFO - 进度: 1270/2878 批次 (44.1%)
2026-02-25 15:27:15,583 - __main__ - INFO - 进度: 1280/2878 批次 (44.5%)
2026-02-25 15:27:15,595 - __main__ - INFO - 进度: 1290/2878 批次 (44.8%)
2026-02-25 15:27:15,608 - __main__ - INFO - 进度: 1300/2878 批次 (45.2%)
2026-02-25 15:27:15,618 - __main__ - INFO - 进度: 1310/2878 批次 (45.5%)
2026-02-25 15:27:15,629 - __main__ - INFO - 进度: 1320/2878 批次 (45.9%)
2026-02-25 15:27:15,643 - __main__ - INFO - 进度: 1330/2878 批次 (46.2%)
2026-02-25 15:27:15,656 - __main__ - INFO - 进度: 1340/2878 批次 (46.6%)
2026-02-25 15:27:15,667 - __main__ - INFO - 进度: 1350/2878 批次 (46.9%)
2026-02-25 15:27:15,681 - __main__ - INFO - 进度: 1360/2878 批次 (47.3%)
2026-02-25 15:27:15,692 - __main__ - INFO - 进度: 1370/2878 批次 (47.6%)
2026-02-25 15:27:15,707 - __main__ - INFO - 进度: 1380/2878 批次 (47.9%)
2026-02-25 15:27:15,717 - __main__ - INFO - 进度: 1390/2878 批次 (48.3%)
2026-02-25 15:27:15,729 - __main__ - INFO - 进度: 1400/2878 批次 (48.6%)
2026-02-25 15:27:15,741 - __main__ - INFO - 进度: 1410/2878 批次 (49.0%)
2026-02-25 15:27:15,756 - __main__ - INFO - 进度: 1420/2878 批次 (49.3%)
2026-02-25 15:27:15,766 - __main__ - INFO - 进度: 1430/2878 批次 (49.7%)
2026-02-25 15:27:15,777 - __main__ - INFO - 进度: 1440/2878 批次 (50.0%)
2026-02-25 15:27:15,789 - __main__ - INFO - 进度: 1450/2878 批次 (50.4%)
2026-02-25 15:27:15,800 - __main__ - INFO - 进度: 1460/2878 批次 (50.7%)
2026-02-25 15:27:15,811 - __main__ - INFO - 进度: 1470/2878 批次 (51.1%)
2026-02-25 15:27:15,821 - __main__ - INFO - 进度: 1480/2878 批次 (51.4%)
2026-02-25 15:27:15,834 - __main__ - INFO - 进度: 1490/2878 批次 (51.8%)
2026-02-25 15:27:15,846 - __main__ - INFO - 进度: 1500/2878 批次 (52.1%)
2026-02-25 15:27:15,862 - __main__ - INFO - 进度: 1510/2878 批次 (52.5%)
2026-02-25 15:27:15,873 - __main__ - INFO - 进度: 1520/2878 批次 (52.8%)
2026-02-25 15:27:15,885 - __main__ - INFO - 进度: 1530/2878 批次 (53.2%)
2026-02-25 15:27:15,900 - __main__ - INFO - 进度: 1540/2878 批次 (53.5%)
2026-02-25 15:27:15,910 - __main__ - INFO - 进度: 1550/2878 批次 (53.9%)
2026-02-25 15:27:15,922 - __main__ - INFO - 进度: 1560/2878 批次 (54.2%)
2026-02-25 15:27:15,933 - __main__ - INFO - 进度: 1570/2878 批次 (54.6%)
2026-02-25 15:27:15,947 - __main__ - INFO - 进度: 1580/2878 批次 (54.9%)
2026-02-25 15:27:15,959 - __main__ - INFO - 进度: 1590/2878 批次 (55.2%)
2026-02-25 15:27:15,971 - __main__ - INFO - 进度: 1600/2878 批次 (55.6%)
2026-02-25 15:27:15,983 - __main__ - INFO - 进度: 1610/2878 批次 (55.9%)
2026-02-25 15:27:15,995 - __main__ - INFO - 进度: 1620/2878 批次 (56.3%)
2026-02-25 15:27:16,006 - __main__ - INFO - 进度: 1630/2878 批次 (56.6%)
2026-02-25 15:27:16,020 - __main__ - INFO - 进度: 1640/2878 批次 (57.0%)
2026-02-25 15:27:16,031 - __main__ - INFO - 进度: 1650/2878 批次 (57.3%)
2026-02-25 15:27:16,041 - __main__ - INFO - 进度: 1660/2878 批次 (57.7%)
2026-02-25 15:27:16,052 - __main__ - INFO - 进度: 1670/2878 批次 (58.0%)
2026-02-25 15:27:16,068 - __main__ - INFO - 进度: 1680/2878 批次 (58.4%)
2026-02-25 15:27:16,080 - __main__ - INFO - 进度: 1690/2878 批次 (58.7%)
2026-02-25 15:27:16,093 - __main__ - INFO - 进度: 1700/2878 批次 (59.1%)
2026-02-25 15:27:16,106 - __main__ - INFO - 进度: 1710/2878 批次 (59.4%)
2026-02-25 15:27:16,122 - __main__ - INFO - 进度: 1720/2878 批次 (59.8%)
2026-02-25 15:27:16,133 - __main__ - INFO - 进度: 1730/2878 批次 (60.1%)
2026-02-25 15:27:16,146 - __main__ - INFO - 进度: 1740/2878 批次 (60.5%)
2026-02-25 15:27:16,162 - __main__ - INFO - 进度: 1750/2878 批次 (60.8%)
2026-02-25 15:27:16,173 - __main__ - INFO - 进度: 1760/2878 批次 (61.2%)
2026-02-25 15:27:16,183 - __main__ - INFO - 进度: 1770/2878 批次 (61.5%)
2026-02-25 15:27:16,194 - __main__ - INFO - 进度: 1780/2878 批次 (61.8%)
2026-02-25 15:27:16,208 - __main__ - INFO - 进度: 1790/2878 批次 (62.2%)
2026-02-25 15:27:16,219 - __main__ - INFO - 进度: 1800/2878 批次 (62.5%)
2026-02-25 15:27:16,229 - __main__ - INFO - 进度: 1810/2878 批次 (62.9%)
2026-02-25 15:27:16,240 - __main__ - INFO - 进度: 1820/2878 批次 (63.2%)
2026-02-25 15:27:16,254 - __main__ - INFO - 进度: 1830/2878 批次 (63.6%)
2026-02-25 15:27:16,269 - __main__ - INFO - 进度: 1840/2878 批次 (63.9%)
2026-02-25 15:27:16,281 - __main__ - INFO - 进度: 1850/2878 批次 (64.3%)
2026-02-25 15:27:16,293 - __main__ - INFO - 进度: 1860/2878 批次 (64.6%)
2026-02-25 15:27:16,310 - __main__ - INFO - 进度: 1870/2878 批次 (65.0%)
2026-02-25 15:27:16,322 - __main__ - INFO - 进度: 1880/2878 批次 (65.3%)
2026-02-25 15:27:16,336 - __main__ - INFO - 进度: 1890/2878 批次 (65.7%)
2026-02-25 15:27:16,351 - __main__ - INFO - 进度: 1900/2878 批次 (66.0%)
2026-02-25 15:27:16,362 - __main__ - INFO - 进度: 1910/2878 批次 (66.4%)
2026-02-25 15:27:16,374 - __main__ - INFO - 进度: 1920/2878 批次 (66.7%)
2026-02-25 15:27:16,386 - __main__ - INFO - 进度: 1930/2878 批次 (67.1%)
2026-02-25 15:27:16,397 - __main__ - INFO - 进度: 1940/2878 批次 (67.4%)
2026-02-25 15:27:16,408 - __main__ - INFO - 进度: 1950/2878 批次 (67.8%)
2026-02-25 15:27:16,422 - __main__ - INFO - 进度: 1960/2878 批次 (68.1%)
2026-02-25 15:27:16,431 - __main__ - INFO - 进度: 1970/2878 批次 (68.5%)
2026-02-25 15:27:16,440 - __main__ - INFO - 进度: 1980/2878 批次 (68.8%)
2026-02-25 15:27:16,453 - __main__ - INFO - 进度: 1990/2878 批次 (69.1%)
2026-02-25 15:27:16,466 - __main__ - INFO - 进度: 2000/2878 批次 (69.5%)
2026-02-25 15:27:16,478 - __main__ - INFO - 进度: 2010/2878 批次 (69.8%)
2026-02-25 15:27:16,489 - __main__ - INFO - 进度: 2020/2878 批次 (70.2%)
2026-02-25 15:27:16,502 - __main__ - INFO - 进度: 2030/2878 批次 (70.5%)
2026-02-25 15:27:16,516 - __main__ - INFO - 进度: 2040/2878 批次 (70.9%)
2026-02-25 15:27:16,528 - __main__ - INFO - 进度: 2050/2878 批次 (71.2%)
2026-02-25 15:27:16,542 - __main__ - INFO - 进度: 2060/2878 批次 (71.6%)
2026-02-25 15:27:16,557 - __main__ - INFO - 进度: 2070/2878 批次 (71.9%)
2026-02-25 15:27:16,566 - __main__ - INFO - 进度: 2080/2878 批次 (72.3%)
2026-02-25 15:27:16,580 - __main__ - INFO - 进度: 2090/2878 批次 (72.6%)
2026-02-25 15:27:16,590 - __main__ - INFO - 进度: 2100/2878 批次 (73.0%)
2026-02-25 15:27:16,600 - __main__ - INFO - 进度: 2110/2878 批次 (73.3%)
2026-02-25 15:27:16,610 - __main__ - INFO - 进度: 2120/2878 批次 (73.7%)
2026-02-25 15:27:16,620 - __main__ - INFO - 进度: 2130/2878 批次 (74.0%)
2026-02-25 15:27:16,632 - __main__ - INFO - 进度: 2140/2878 批次 (74.4%)
2026-02-25 15:27:16,643 - __main__ - INFO - 进度: 2150/2878 批次 (74.7%)
2026-02-25 15:27:16,652 - __main__ - INFO - 进度: 2160/2878 批次 (75.1%)
2026-02-25 15:27:16,662 - __main__ - INFO - 进度: 2170/2878 批次 (75.4%)
2026-02-25 15:27:16,674 - __main__ - INFO - 进度: 2180/2878 批次 (75.7%)
2026-02-25 15:27:16,685 - __main__ - INFO - 进度: 2190/2878 批次 (76.1%)
2026-02-25 15:27:16,699 - __main__ - INFO - 进度: 2200/2878 批次 (76.4%)
2026-02-25 15:27:16,710 - __main__ - INFO - 进度: 2210/2878 批次 (76.8%)
2026-02-25 15:27:16,724 - __main__ - INFO - 进度: 2220/2878 批次 (77.1%)
2026-02-25 15:27:16,737 - __main__ - INFO - 进度: 2230/2878 批次 (77.5%)
2026-02-25 15:27:16,754 - __main__ - INFO - 进度: 2240/2878 批次 (77.8%)
2026-02-25 15:27:16,767 - __main__ - INFO - 进度: 2250/2878 批次 (78.2%)
2026-02-25 15:27:16,780 - __main__ - INFO - 进度: 2260/2878 批次 (78.5%)
2026-02-25 15:27:16,794 - __main__ - INFO - 进度: 2270/2878 批次 (78.9%)
2026-02-25 15:27:16,808 - __main__ - INFO - 进度: 2280/2878 批次 (79.2%)
2026-02-25 15:27:16,819 - __main__ - INFO - 进度: 2290/2878 批次 (79.6%)
2026-02-25 15:27:16,832 - __main__ - INFO - 进度: 2300/2878 批次 (79.9%)
2026-02-25 15:27:16,843 - __main__ - INFO - 进度: 2310/2878 批次 (80.3%)
2026-02-25 15:27:16,854 - __main__ - INFO - 进度: 2320/2878 批次 (80.6%)
2026-02-25 15:27:16,867 - __main__ - INFO - 进度: 2330/2878 批次 (81.0%)
2026-02-25 15:27:16,876 - __main__ - INFO - 进度: 2340/2878 批次 (81.3%)
2026-02-25 15:27:16,887 - __main__ - INFO - 进度: 2350/2878 批次 (81.7%)
2026-02-25 15:27:16,902 - __main__ - INFO - 进度: 2360/2878 批次 (82.0%)
2026-02-25 15:27:16,912 - __main__ - INFO - 进度: 2370/2878 批次 (82.3%)
2026-02-25 15:27:16,924 - __main__ - INFO - 进度: 2380/2878 批次 (82.7%)
2026-02-25 15:27:16,937 - __main__ - INFO - 进度: 2390/2878 批次 (83.0%)
2026-02-25 15:27:16,950 - __main__ - INFO - 进度: 2400/2878 批次 (83.4%)
2026-02-25 15:27:16,960 - __main__ - INFO - 进度: 2410/2878 批次 (83.7%)
2026-02-25 15:27:16,971 - __main__ - INFO - 进度: 2420/2878 批次 (84.1%)
2026-02-25 15:27:16,982 - __main__ - INFO - 进度: 2430/2878 批次 (84.4%)
2026-02-25 15:27:17,000 - __main__ - INFO - 进度: 2440/2878 批次 (84.8%)
2026-02-25 15:27:17,012 - __main__ - INFO - 进度: 2450/2878 批次 (85.1%)
2026-02-25 15:27:17,022 - __main__ - INFO - 进度: 2460/2878 批次 (85.5%)
2026-02-25 15:27:17,035 - __main__ - INFO - 进度: 2470/2878 批次 (85.8%)
2026-02-25 15:27:17,048 - __main__ - INFO - 进度: 2480/2878 批次 (86.2%)
2026-02-25 15:27:17,057 - __main__ - INFO - 进度: 2490/2878 批次 (86.5%)
2026-02-25 15:27:17,068 - __main__ - INFO - 进度: 2500/2878 批次 (86.9%)
2026-02-25 15:27:17,079 - __main__ - INFO - 进度: 2510/2878 批次 (87.2%)
2026-02-25 15:27:17,089 - __main__ - INFO - 进度: 2520/2878 批次 (87.6%)
2026-02-25 15:27:17,100 - __main__ - INFO - 进度: 2530/2878 批次 (87.9%)
2026-02-25 15:27:17,112 - __main__ - INFO - 进度: 2540/2878 批次 (88.3%)
2026-02-25 15:27:17,122 - __main__ - INFO - 进度: 2550/2878 批次 (88.6%)
2026-02-25 15:27:17,138 - __main__ - INFO - 进度: 2560/2878 批次 (89.0%)
2026-02-25 15:27:17,148 - __main__ - INFO - 进度: 2570/2878 批次 (89.3%)
2026-02-25 15:27:17,159 - __main__ - INFO - 进度: 2580/2878 批次 (89.6%)
2026-02-25 15:27:17,173 - __main__ - INFO - 进度: 2590/2878 批次 (90.0%)
2026-02-25 15:27:17,184 - __main__ - INFO - 进度: 2600/2878 批次 (90.3%)
2026-02-25 15:27:17,199 - __main__ - INFO - 进度: 2610/2878 批次 (90.7%)
2026-02-25 15:27:17,211 - __main__ - INFO - 进度: 2620/2878 批次 (91.0%)
2026-02-25 15:27:17,223 - __main__ - INFO - 进度: 2630/2878 批次 (91.4%)
2026-02-25 15:27:17,233 - __main__ - INFO - 进度: 2640/2878 批次 (91.7%)
2026-02-25 15:27:17,245 - __main__ - INFO - 进度: 2650/2878 批次 (92.1%)
2026-02-25 15:27:17,258 - __main__ - INFO - 进度: 2660/2878 批次 (92.4%)
2026-02-25 15:27:17,268 - __main__ - INFO - 进度: 2670/2878 批次 (92.8%)
2026-02-25 15:27:17,278 - __main__ - INFO - 进度: 2680/2878 批次 (93.1%)
2026-02-25 15:27:17,287 - __main__ - INFO - 进度: 2690/2878 批次 (93.5%)
2026-02-25 15:27:17,296 - __main__ - INFO - 进度: 2700/2878 批次 (93.8%)
2026-02-25 15:27:17,310 - __main__ - INFO - 进度: 2710/2878 批次 (94.2%)
2026-02-25 15:27:17,320 - __main__ - INFO - 进度: 2720/2878 批次 (94.5%)
2026-02-25 15:27:17,331 - __main__ - INFO - 进度: 2730/2878 批次 (94.9%)
2026-02-25 15:27:17,342 - __main__ - INFO - 进度: 2740/2878 批次 (95.2%)
2026-02-25 15:27:17,357 - __main__ - INFO - 进度: 2750/2878 批次 (95.6%)
2026-02-25 15:27:17,368 - __main__ - INFO - 进度: 2760/2878 批次 (95.9%)
2026-02-25 15:27:17,379 - __main__ - INFO - 进度: 2770/2878 批次 (96.2%)
2026-02-25 15:27:17,391 - __main__ - INFO - 进度: 2780/2878 批次 (96.6%)
2026-02-25 15:27:17,405 - __main__ - INFO - 进度: 2790/2878 批次 (96.9%)
2026-02-25 15:27:17,418 - __main__ - INFO - 进度: 2800/2878 批次 (97.3%)
2026-02-25 15:27:17,428 - __main__ - INFO - 进度: 2810/2878 批次 (97.6%)
2026-02-25 15:27:17,439 - __main__ - INFO - 进度: 2820/2878 批次 (98.0%)
2026-02-25 15:27:17,449 - __main__ - INFO - 进度: 2830/2878 批次 (98.3%)
2026-02-25 15:27:17,462 - __main__ - INFO - 进度: 2840/2878 批次 (98.7%)
2026-02-25 15:27:17,471 - __main__ - INFO - 进度: 2850/2878 批次 (99.0%)
2026-02-25 15:27:17,481 - __main__ - INFO - 进度: 2860/2878 批次 (99.4%)
2026-02-25 15:27:17,497 - __main__ - INFO - 进度: 2870/2878 批次 (99.7%)
2026-02-25 15:27:17,507 - __main__ - INFO - 进度: 2878/2878 批次 (100.0%)
2026-02-25 15:27:17,511 - __main__ - INFO - 批量解析完成: 成功 43150 个文件
2026-02-25 15:27:17,566 - __main__ - INFO - TSV 文件已保存: C:\Users\10704\tools\dof\complete_equipment_tags.tsv (43168 条记录)
2026-02-25 15:27:17,566 - __main__ - INFO - 输出预览（前 10 行）:
2026-02-25 15:27:17,567 - __main__ - INFO - 
解析流程完成:
  总文件数: 43168
  成功解析: 43168
  失败: 5
  成功率: 100.00%
  耗时: 3.77 秒
